Nothing to build in platform 'AudioProcessing2'

17:58:14 **** Incremental Build of configuration Debug for project DSPApp ****
make -j8 all 
make --no-print-directory pre-build
a9-linaro-pre-build-step
' '
make --no-print-directory main-build
'Building file: ../src/helloworld.c'
'Invoking: ARM v7 gcc compiler'
arm-none-eabi-gcc -DDISABLEFLOAT16 -DARM_MATH_NEON -Wall -O0 -g3 -IC:/02_PXL/Audio_Processing_PXL_2024/SoC_PynzZ2_AUDIO/vitis/AudioProcessing2/export/AudioProcessing2/sw/AudioProcessing2/standalone_ps7_cortexa9_0/bspinclude/include -I"C:\02_PXL\Audio_Processing_PXL_2024\SoC_PynzZ2_AUDIO\vitis\DSPApp\src\ComputeLibrary" -I"C:\02_PXL\Audio_Processing_PXL_2024\SoC_PynzZ2_AUDIO\vitis\DSPApp\src\Include" -I"C:\02_PXL\Audio_Processing_PXL_2024\SoC_PynzZ2_AUDIO\vitis\DSPApp\src\PrivateInclude" -I"C:\02_PXL\Audio_Processing_PXL_2024\SoC_PynzZ2_AUDIO\vitis\DSPApp\src\Source" -I"C:\02_PXL\Audio_Processing_PXL_2024\SoC_PynzZ2_AUDIO\vitis\DSPApp\src\Include\dsp" -I"C:\02_PXL\Audio_Processing_PXL_2024\SoC_PynzZ2_AUDIO\vitis\DSPApp\src\ComputeLibrary\Include" -c -fmessage-length=0 -MT"src/helloworld.o" -mcpu=cortex-a9 -mfpu=neon-vfpv4 -mfloat-abi=hard -MMD -MP -MF"src/helloworld.d" -MT"src/helloworld.o" -o "src/helloworld.o" "../src/helloworld.c"
../src/helloworld.c: In function 'Timer_Intr_Setup':
../src/helloworld.c:95:13: warning: variable 'Status' set but not used [-Wunused-but-set-variable]
   95 |         int Status;
      |             ^~~~~~
../src/helloworld.c: In function 'main':
../src/helloworld.c:137:20: warning: variable 'status' set but not used [-Wunused-but-set-variable]
  137 |         arm_status status;
      |                    ^~~~~~
'Finished building: ../src/helloworld.c'
' '
'Building target: DSPApp.elf'
'Invoking: ARM v7 gcc linker'
'Finished building target: DSPApp.elf'
' '
'Invoking: ARM v7 Print Size'
arm-none-eabi-size DSPApp.elf  |tee "DSPApp.elf.size"
   text	   data	    bss	    dec	    hex	filename
1566804	  10152	  43184	1620140	 18b8ac	DSPApp.elf
'Finished building: DSPApp.elf.size'
' '
