Nothing to build in platform 'AudioProcessing2'

09:46:28 **** Incremental Build of configuration Debug for project Labo_1 ****
make all 
make --no-print-directory pre-build
a9-linaro-pre-build-step
' '
make --no-print-directory main-build
'Building file: ../src/helloworld.c'
'Invoking: ARM v7 gcc compiler'
arm-none-eabi-gcc -Wall -O0 -g3 -c -fmessage-length=0 -MT"src/helloworld.o" -mcpu=cortex-a9 -mfpu=vfpv3 -mfloat-abi=hard -IC:/02_PXL/Audio_Processing_PXL_2024/SoC_PynzZ2_AUDIO/vitis/AudioProcessing2/export/AudioProcessing2/sw/AudioProcessing2/standalone_ps7_cortexa9_0/bspinclude/include -MMD -MP -MF"src/helloworld.d" -MT"src/helloworld.o" -o "src/helloworld.o" "../src/helloworld.c"
../src/helloworld.c: In function 'main':
../src/helloworld.c:30:13: warning: unused variable 'status' [-Wunused-variable]
   30 |         int status;
      |             ^~~~~~
../src/helloworld.c: In function 'audio_test':
../src/helloworld.c:60:23: warning: variable 'u32Block' set but not used [-Wunused-but-set-variable]
   60 |         unsigned long u32Block[360];
      |                       ^~~~~~~~
../src/helloworld.c:59:23: warning: variable 'u32Sine' set but not used [-Wunused-but-set-variable]
   59 |         unsigned long u32Sine[360];
      |                       ^~~~~~~
../src/helloworld.c:58:13: warning: unused variable 'sw_check' [-Wunused-variable]
   58 |         int sw_check;
      |             ^~~~~~~~
../src/helloworld.c:57:23: warning: unused variable 'u32Temp' [-Wunused-variable]
   57 |         unsigned long u32Temp;
      |                       ^~~~~~~
../src/helloworld.c:56:41: warning: unused variable 'u32DataR' [-Wunused-variable]
   56 |         unsigned long u32Data,u32DataL, u32DataR;
      |                                         ^~~~~~~~
../src/helloworld.c:56:31: warning: unused variable 'u32DataL' [-Wunused-variable]
   56 |         unsigned long u32Data,u32DataL, u32DataR;
      |                               ^~~~~~~~
../src/helloworld.c:56:23: warning: unused variable 'u32Data' [-Wunused-variable]
   56 |         unsigned long u32Data,u32DataL, u32DataR;
      |                       ^~~~~~~
'Finished building: ../src/helloworld.c'
' '
'Building target: Labo_1.elf'
'Invoking: ARM v7 gcc linker'
arm-none-eabi-gcc -mcpu=cortex-a9 -mfpu=vfpv3 -mfloat-abi=hard -Wl,-build-id=none -specs=Xilinx.spec -Wl,-T -Wl,../src/lscript.ld -LC:/02_PXL/Audio_Processing_PXL_2024/SoC_PynzZ2_AUDIO/vitis/AudioProcessing2/export/AudioProcessing2/sw/AudioProcessing2/standalone_ps7_cortexa9_0/bsplib/lib -o "Labo_1.elf"  ./src/helloworld.o ./src/platform.o   -lm -Wl,--start-group,-lxil,-lgcc,-lc,--end-group
'Finished building target: Labo_1.elf'
' '
'Invoking: ARM v7 Print Size'
arm-none-eabi-size Labo_1.elf  |tee "Labo_1.elf.size"
   text	   data	    bss	    dec	    hex	filename
  31702	   1160	  22648	  55510	   d8d6	Labo_1.elf
'Finished building: Labo_1.elf.size'
' '
