09:50:36 **** Incremental Build of configuration Debug for project Labo_2 ****
make all 
make --no-print-directory pre-build
a9-linaro-pre-build-step
' '
make --no-print-directory main-build
'Building file: ../src/helloworld.c'
'Invoking: ARM v7 gcc compiler'
arm-none-eabi-gcc -Wall -O0 -g3 -c -fmessage-length=0 -MT"src/helloworld.o" -mcpu=cortex-a9 -mfpu=vfpv3 -mfloat-abi=hard -IC:/02_PXL/Audio_Processing_PXL_2024/SoC_PynzZ2_AUDIO/vitis/AudioProcessing2/export/AudioProcessing2/sw/AudioProcessing2/standalone_ps7_cortexa9_0/bspinclude/include -MMD -MP -MF"src/helloworld.d" -MT"src/helloworld.o" -o "src/helloworld.o" "../src/helloworld.c"
../src/helloworld.c:20:1: warning: data definition has no type or storage class
   20 | data = 0x80;
      | ^~~~
../src/helloworld.c:20:1: warning: type defaults to 'int' in declaration of 'data' [-Wimplicit-int]
../src/helloworld.c: In function 'Timer_Intr_Setup':
../src/helloworld.c:33:13: warning: variable 'Status' set but not used [-Wunused-but-set-variable]
   33 |         int Status;
      |             ^~~~~~
../src/helloworld.c: In function 'main':
../src/helloworld.c:54:13: warning: variable 'Status' set but not used [-Wunused-but-set-variable]
   54 |         int Status;
      |             ^~~~~~
'Finished building: ../src/helloworld.c'
' '
'Building target: Labo_2.elf'
'Invoking: ARM v7 gcc linker'
arm-none-eabi-gcc -mcpu=cortex-a9 -mfpu=vfpv3 -mfloat-abi=hard -Wl,-build-id=none -specs=Xilinx.spec -Wl,-T -Wl,../src/lscript.ld -LC:/02_PXL/Audio_Processing_PXL_2024/SoC_PynzZ2_AUDIO/vitis/AudioProcessing2/export/AudioProcessing2/sw/AudioProcessing2/standalone_ps7_cortexa9_0/bsplib/lib -o "Labo_2.elf"  ./src/helloworld.o ./src/platform.o   -Wl,--start-group,-lxil,-lgcc,-lc,--end-group
'Finished building target: Labo_2.elf'
' '
'Invoking: ARM v7 Print Size'
arm-none-eabi-size Labo_2.elf  |tee "Labo_2.elf.size"
   text	   data	    bss	    dec	    hex	filename
  35836	   1952	  22712	  60500	   ec54	Labo_2.elf
'Finished building: Labo_2.elf.size'
' '

09:50:37 Build Finished (took 1s.97ms)

